// Jest Snapshot v1, https://goo.gl/fbAQLP

exports[`TitleBar renders the component 1`] = `"<section><div class=\\"container\\"><div class=\\"row\\"><div><h2>Title</h2><!----></div></div></div></section>"`;

exports[`TitleBar renders title props properly 1`] = `"<section><div class=\\"container\\"><div class=\\"row\\"><div><h2>Title</h2><span>Subtitle</span></div></div></div></section>"`;
